<html>
<body>
<pre>
<h1>µVision Build Log</h1>
<h2>Tool Versions:</h2>
IDE-Version: µVision V5.24.2.0
Copyright (C) 2017 ARM Ltd and ARM Germany GmbH. All rights reserved.
License Information: mohannad Microsoft, Microsoft, LIC=----
 
Tool Versions:
Toolchain:       MDK-Lite  Version: 5.24.1
Toolchain Path:  C:\Keil_v5\ARM\ARMCC\Bin
C Compiler:      Armcc.exe V5.06 update 5 (build 528)
Assembler:       Armasm.exe V5.06 update 5 (build 528)
Linker/Locator:  ArmLink.exe V5.06 update 5 (build 528)
Library Manager: ArmAr.exe V5.06 update 5 (build 528)
Hex Converter:   FromElf.exe V5.06 update 5 (build 528)
CPU DLL:         SARMCM3.DLL V5.24.1
Dialog DLL:      DCM.DLL V1.16.0.0
Target DLL:      STLink\ST-LINKIII-KEIL_SWO.dll V3.0.1.0
Dialog DLL:      TCM.DLL V1.32.0.0
 
<h2>Project:</h2>
E:\MY WORK\13- Full Project (Painter)\spi.uvprojx
Project File Date:  02/05/2018

<h2>Output:</h2>
*** Using Compiler 'V5.06 update 5 (build 528)', folder: 'C:\Keil_v5\ARM\ARMCC\Bin'
Rebuild target 'Target 1'
compiling ds.c...
ds.c(17): warning:  #1-D: last line of file ends without a newline
  }
ds.c: 1 warning, 0 errors
compiling spi.c...
interrupt.h(36): warning:  #1-D: last line of file ends without a newline
  */
GPIO.h(50): warning:  #1-D: last line of file ends without a newline
   
spi.c(12): warning:  #1295-D: Deprecated declaration frameTransition - give arg types
  void frameTransition();
spi.c(173): warning:  #177-D: variable "tmp_indx22"  was declared but never referenced
  						uint8_t tmp_indx22 = indx;
spi.c(144): warning:  #177-D: variable "tmpIndx"  was declared but never referenced
  					uint16_t tmpIndx = indx;
spi.c(271): warning:  #177-D: variable "tmp_indx22"  was declared but never referenced
  						uint8_t tmp_indx22 = indx;
spi.c(539): warning:  #223-D: function "sprintf" declared implicitly
  	sprintf(string,"%d",sqWidth);
spi.c: 7 warnings, 0 errors
compiling lcd.c...
lcd.c(366): warning:  #223-D: function "sprintf" declared implicitly
  	sprintf(buffer,"%d",n);
lcd.c(453): warning:  #1-D: last line of file ends without a newline
  }
lcd.c: 2 warnings, 0 errors
compiling HWInit.c...
GPIO.h(50): warning:  #1-D: last line of file ends without a newline
   
interrupt.h(36): warning:  #1-D: last line of file ends without a newline
  */
HWInit.c: 2 warnings, 0 errors
assembling startup_stm32f10x_md.s...
compiling general.c...
compiling system_stm32f10x.c...
linking...
Program Size: Code=5608 RO-data=1068 RW-data=48 ZI-data=3144  
".\Objects\spi.axf" - 0 Error(s), 12 Warning(s).

<h2>Software Packages used:</h2>

Package Vendor: ARM
                http://www.keil.com/pack/ARM.CMSIS.5.0.1.pack
                ARM.CMSIS.5.0.1
                CMSIS (Cortex Microcontroller Software Interface Standard)
   * Component: CORE Version: 5.0.1

Package Vendor: Keil
                http://www.keil.com/pack/Keil.STM32F1xx_DFP.2.2.0.pack
                Keil.STM32F1xx_DFP.2.2.0
                STMicroelectronics STM32F1 Series Device Support, Drivers and Examples
   * Component: Startup Version: 1.0.0

<h2>Collection of Component include folders:</h2>
  .\RTE\Device\STM32F103C8
  .\RTE\_Target_1
  C:\Keil_v5\ARM\PACK\ARM\CMSIS\5.0.1\CMSIS\Include
  C:\Keil_v5\ARM\PACK\Keil\STM32F1xx_DFP\2.2.0\Device\Include

<h2>Collection of Component Files used:</h2>

   * Component: Keil::Device:Startup:1.0.0
      Source file:   Device\Source\ARM\STM32F1xx_OPT.s
      Source file:   Device\Source\ARM\startup_stm32f10x_md.s
      Source file:   Device\Source\system_stm32f10x.c
      Include file:  RTE_Driver\Config\RTE_Device.h

   * Component: ARM::CMSIS:CORE:5.0.1
Build Time Elapsed:  00:00:02
</pre>
</body>
</html>
